// Jest Snapshot v1, https://goo.gl/fbAQLP

exports[`Testing Add component Test if Add renders correctly 1`] = `
<Route>
  <Component />
</Route>
`;

exports[`Testing Add component Test if Course renders correctly 1`] = `undefined`;
