// Jest Snapshot v1, https://goo.gl/fbAQLP

exports[`Testing index component Test if index renders correctly 1`] = `
<Route>
  <Component />
</Route>
`;
